// Jest Snapshot v1, https://goo.gl/fbAQLP

exports[`app component matches snapshot 1`] = `
<Fragment>
  <ColorPicker
    colorFunction={[Function]}
  />
  <ColorDisplay
    color=""
  />
</Fragment>
`;
