// Jest Snapshot v1, https://goo.gl/fbAQLP

exports[`ColorDisplay component matches snapshot 1`] = `
<div
  style={
    Object {
      "backgroundColor": "red",
      "height": "100px",
      "width": "100px",
    }
  }
/>
`;
