// Jest Snapshot v1, https://goo.gl/fbAQLP

exports[`incrementer component matches snapshot 1`] = `<Incrementer />`;
